// Jest Snapshot v1, https://goo.gl/fbAQLP

exports[`App should match the snapshot 1`] = `
<section
  className="app"
>
  <Switch>
    <Route
      component={[Function]}
      exact={true}
      path="/"
    />
    <Route
      path="/"
      render={[Function]}
    />
  </Switch>
  <Route
    exact={true}
    path="/areas"
    render={[Function]}
  />
  <Route
    exact={true}
    path="/areas/:id"
    render={[Function]}
  />
  <Route
    exact={true}
    path="/areas/:area_id/listings/:listing_id"
    render={[Function]}
  />
  <Route
    exact={true}
    path="/favorites"
    render={[Function]}
  />
</section>
`;
